[2026-07-08 11:29:11] [ES-GEN] ========== ES Code Generation Started ==========
[2026-07-08 11:29:11] [ES-GEN] Lock file: /home/crx/code/hccl_three_sequence_rs/hccl_0701_br_sequence/hccl_2039/build/src/es_hccl_build/generated_code/.gen.lock
[2026-07-08 11:29:11] [ES-GEN] Gen ESB: /home/crx/toolkit/cann-9.1.0/bin/gen_esb
[2026-07-08 11:29:11] [ES-GEN] OPP path: /home/crx/code/hccl_three_sequence_rs/hccl_0701_br_sequence/hccl_2039/build/src/es_hccl_build/opp_standard_path_opgraph_hccl
[2026-07-08 11:29:11] [ES-GEN] Output dir: /home/crx/code/hccl_three_sequence_rs/hccl_0701_br_sequence/hccl_2039/build/src/es_hccl_build/generated_code
[2026-07-08 11:29:11] [ES-GEN] Module: hccl
[2026-07-08 11:29:11] [ES-GEN] Lib path: /home/crx/toolkit/cann-9.1.0/lib64
[2026-07-08 11:29:11] [ES-GEN] Exclude ops: 
[2026-07-08 11:29:11] [ES-GEN] ========== Main Logic Started ==========
[2026-07-08 11:29:11] [ES-GEN] Using flock file locking mechanism
[2026-07-08 11:29:11] [ES-GEN] [flock] Acquired lock immediately
[2026-07-08 11:29:11] [ES-GEN] Waiting for filesystem sync...
[2026-07-08 11:29:11] [ES-GEN] [Attempt 1/10] Executing gen_esb...
[2026-07-08 11:29:11] [ES-GEN] Command: LD_LIBRARY_PATH=/home/crx/toolkit/cann-9.1.0/lib64:$LD_LIBRARY_PATH ASCEND_OPP_PATH=/home/crx/code/hccl_three_sequence_rs/hccl_0701_br_sequence/hccl_2039/build/src/es_hccl_build/opp_standard_path_opgraph_hccl "/home/crx/toolkit/cann-9.1.0/bin/gen_esb" --output_dir="/home/crx/code/hccl_three_sequence_rs/hccl_0701_br_sequence/hccl_2039/build/src/es_hccl_build/generated_code" --module_name="hccl" --exclude_ops=""     
==========================================
ES Graph Builder Generator v1.0
Copyright (c) 2025 Huawei Technologies Co., Ltd.
==========================================
Starting code generation...
Environment variable check: ASCEND_OPP_PATH = /home/crx/code/hccl_three_sequence_rs/hccl_0701_br_sequence/hccl_2039/build/src/es_hccl_build/opp_standard_path_opgraph_hccl
Environment variable check: LD_LIBRARY_PATH = /home/crx/toolkit/cann-9.1.0/lib64:/home/crx/toolkit/cann-9.1.0/lib64:/home/crx/toolkit/cann-9.1.0/lib64/plugin/opskernel:/home/crx/toolkit/cann-9.1.0/lib64/plugin/nnengine:/home/crx/toolkit/cann-9.1.0/opp/built-in/op_impl/ai_core/tbe/op_tiling/lib/linux/x86_64:/usr/local/Ascend/driver/lib64:/usr/local/Ascend/driver/lib64/common:/usr/local/Ascend/driver/lib64/driver:/usr/local/Ascend/driver/lib64:/usr/local/Ascend/driver/lib64/common:/usr/local/Ascend/driver/lib64/driver:/home/crx/toolkit/cann-9.1.0/devlib
Output directory: /home/crx/code/hccl_three_sequence_rs/hccl_0701_br_sequence/hccl_2039/build/src/es_hccl_build/generated_code/
Module name: hccl
ASCEND_OPP_PATH is: /home/crx/code/hccl_three_sequence_rs/hccl_0701_br_sequence/hccl_2039/build/src/es_hccl_build/opp_standard_path_opgraph_hccl
ops proto path: /home/crx/code/hccl_three_sequence_rs/hccl_0701_br_sequence/hccl_2039/build/src/es_hccl_build/opp_standard_path_opgraph_hccl/op_proto/custom/:/home/crx/code/hccl_three_sequence_rs/hccl_0701_br_sequence/hccl_2039/build/src/es_hccl_build/opp_standard_path_opgraph_hccl/op_proto/built-in/
Get ops num: 12
Generate done, generated num 12, unsupported: 
Write to file: /home/crx/code/hccl_three_sequence_rs/hccl_0701_br_sequence/hccl_2039/build/src/es_hccl_build/generated_code/es_hccl_ops_c.h
Generated C generator aggregate file: /home/crx/code/hccl_three_sequence_rs/hccl_0701_br_sequence/hccl_2039/build/src/es_hccl_build/generated_code/es_hccl_ops_c.h
Write to file: /home/crx/code/hccl_three_sequence_rs/hccl_0701_br_sequence/hccl_2039/build/src/es_hccl_build/generated_code/es_hccl_ops.h
Generated C++ generator aggregate file: /home/crx/code/hccl_three_sequence_rs/hccl_0701_br_sequence/hccl_2039/build/src/es_hccl_build/generated_code/es_hccl_ops.h
Write to file: /home/crx/code/hccl_three_sequence_rs/hccl_0701_br_sequence/hccl_2039/build/src/es_hccl_build/generated_code/es_hccl_ops.py
Generated Python generator aggregate file: /home/crx/code/hccl_three_sequence_rs/hccl_0701_br_sequence/hccl_2039/build/src/es_hccl_build/generated_code/es_hccl_ops.py
Generated aggregate files:
  C generator: /home/crx/code/hccl_three_sequence_rs/hccl_0701_br_sequence/hccl_2039/build/src/es_hccl_build/generated_code/es_hccl_ops_c.h
  C++ generator: /home/crx/code/hccl_three_sequence_rs/hccl_0701_br_sequence/hccl_2039/build/src/es_hccl_build/generated_code/es_hccl_ops.h
  Python generator: /home/crx/code/hccl_three_sequence_rs/hccl_0701_br_sequence/hccl_2039/build/src/es_hccl_build/generated_code/es_hccl_ops.py
Generated util files:
  Utils generator:
    /home/crx/code/hccl_three_sequence_rs/hccl_0701_br_sequence/hccl_2039/build/src/es_hccl_build/generated_code/es_log.h
Generated files in: /home/crx/code/hccl_three_sequence_rs/hccl_0701_br_sequence/hccl_2039/build/src/es_hccl_build/generated_code/

==========================================
Code generation completed!
Module name: hccl
==========================================
[2026-07-08 11:29:11] [ES-GEN] [Success] gen_esb executed successfully
[2026-07-08 11:29:11] [ES-GEN] [flock] Execution completed, exit code: 0
